// Jest Snapshot v1, https://goo.gl/fbAQLP

exports[`renders correctly 1`] = `
<View
  style={
    Object {
      "backgroundColor": "#242424",
      "flex": 1,
      "padding": 30,
    }
  }
>
  <View
    style={
      Object {
        "alignItems": "center",
        "bottom": "20%",
        "flexDirection": "column",
        "justifyContent": "center",
        "top": "20%",
      }
    }
  >
    <Text
      style={
        Object {
          "color": "#fff",
          "fontSize": 20,
          "marginBottom": "5%",
        }
      }
    >
      Sign-In
    </Text>
    <Text
      style={
        Object {
          "color": "#ff0000",
          "flexDirection": "column",
          "marginBottom": "5%",
        }
      }
    >
      
    </Text>
    <TextInput
      allowFontScaling={true}
      autoCapitalize="none"
      onChangeText={[Function]}
      placeholder="Email"
      rejectResponderTermination={true}
      style={
        Object {
          "borderColor": "gray",
          "borderWidth": 1,
          "color": "white",
          "height": 40,
          "marginBottom": "5%",
          "paddingLeft": 10,
          "width": "80%",
        }
      }
      underlineColorAndroid="transparent"
    />
    <TextInput
      allowFontScaling={true}
      autoCapitalize="none"
      onChangeText={[Function]}
      placeholder="Password"
      rejectResponderTermination={true}
      secureTextEntry={true}
      style={
        Object {
          "borderColor": "gray",
          "borderWidth": 1,
          "color": "white",
          "height": 40,
          "marginBottom": "5%",
          "paddingLeft": 10,
          "width": "80%",
        }
      }
      underlineColorAndroid="transparent"
    />
    <View
      accessibilityRole="button"
      accessibilityStates={Array []}
      accessible={true}
      isTVSelectable={true}
      onResponderGrant={[Function]}
      onResponderMove={[Function]}
      onResponderRelease={[Function]}
      onResponderTerminate={[Function]}
      onResponderTerminationRequest={[Function]}
      onStartShouldSetResponder={[Function]}
      style={
        Object {
          "opacity": 1,
        }
      }
    >
      <View
        style={
          Array [
            Object {},
          ]
        }
      >
        <Text
          style={
            Array [
              Object {
                "color": "#007AFF",
                "fontSize": 18,
                "padding": 8,
                "textAlign": "center",
              },
            ]
          }
        >
          Sign in
        </Text>
      </View>
    </View>
    <Text
      onPress={[Function]}
      style={
        Object {
          "color": "#E88227",
          "marginTop": "10%",
          "textDecorationLine": "underline",
        }
      }
    >
      Don't have an account? Click here to Sign-Up.
    </Text>
  </View>
</View>
`;

exports[`snapshot testing renders correctly 1`] = `
<View
  style={
    Object {
      "backgroundColor": "#242424",
      "flex": 1,
      "padding": 30,
    }
  }
>
  <View
    style={
      Object {
        "alignItems": "center",
        "bottom": "20%",
        "flexDirection": "column",
        "justifyContent": "center",
        "top": "20%",
      }
    }
  >
    <Text
      style={
        Object {
          "color": "#fff",
          "fontSize": 20,
          "marginBottom": "5%",
        }
      }
    >
      Sign-In
    </Text>
    <Text
      style={
        Object {
          "color": "#ff0000",
          "flexDirection": "column",
          "marginBottom": "5%",
        }
      }
    >
      
    </Text>
    <TextInput
      allowFontScaling={true}
      autoCapitalize="none"
      onChangeText={[Function]}
      placeholder="Email"
      rejectResponderTermination={true}
      style={
        Object {
          "borderColor": "gray",
          "borderWidth": 1,
          "color": "white",
          "height": 40,
          "marginBottom": "5%",
          "paddingLeft": 10,
          "width": "80%",
        }
      }
      underlineColorAndroid="transparent"
    />
    <TextInput
      allowFontScaling={true}
      autoCapitalize="none"
      onChangeText={[Function]}
      placeholder="Password"
      rejectResponderTermination={true}
      secureTextEntry={true}
      style={
        Object {
          "borderColor": "gray",
          "borderWidth": 1,
          "color": "white",
          "height": 40,
          "marginBottom": "5%",
          "paddingLeft": 10,
          "width": "80%",
        }
      }
      underlineColorAndroid="transparent"
    />
    <View
      accessibilityRole="button"
      accessibilityStates={Array []}
      accessible={true}
      isTVSelectable={true}
      onResponderGrant={[Function]}
      onResponderMove={[Function]}
      onResponderRelease={[Function]}
      onResponderTerminate={[Function]}
      onResponderTerminationRequest={[Function]}
      onStartShouldSetResponder={[Function]}
      style={
        Object {
          "opacity": 1,
        }
      }
    >
      <View
        style={
          Array [
            Object {},
          ]
        }
      >
        <Text
          style={
            Array [
              Object {
                "color": "#007AFF",
                "fontSize": 18,
                "padding": 8,
                "textAlign": "center",
              },
            ]
          }
        >
          Sign in
        </Text>
      </View>
    </View>
    <Text
      onPress={[Function]}
      style={
        Object {
          "color": "#E88227",
          "marginTop": "10%",
          "textDecorationLine": "underline",
        }
      }
    >
      Don't have an account? Click here to Sign-Up.
    </Text>
  </View>
</View>
`;
